---
source: src/assign.rs
description: asserting that the replaced TOML data returned from the assignment is as expected
info:
  data:
    foo:
      - bar: baz
      - bar: qux
  ptr: /foo/-/bar
  assign: quux
---
Ok(
    None,
)
