---
source: src/assign.rs
description: "case #11: asserting that the JSON data is as expected after assignment"
info:
  data: []
  ptr: /-
  assign: foo
---
["foo"]
