---
source: src/assign.rs
description: "case #6: asserting that the JSON data is as expected after assignment"
info:
  data: ~
  ptr: /-
  assign: 34
---
[34]
