---
source: src/assign.rs
description: "case #6: asserting that the replaced JSON data returned from the assignment is as expected"
info:
  data: ~
  ptr: /-
  assign: 34
---
Ok(
    Some(
        Null,
    ),
)
