---
source: src/assign.rs
description: "test #12 - asserting that the TOML data is as expected after assignment"
info:
  data: []
  ptr: /1
  assign: foo
---
[]
