---
source: src/assign.rs
description: "test #10 - asserting that the TOML data is as expected after assignment"
info:
  data: []
  ptr: /0
  assign: foo
---
["foo"]
