---
source: src/assign.rs
description: "case #1: asserting that the JSON data is as expected after assignment"
info:
  data:
    foo:
      - bar: baz
  ptr: /foo/-/bar
  assign: qux
---
{"foo":[{"bar":"baz"},{"bar":"qux"}]}
