---
source: src/assign.rs
description: asserting that the TOML data is as expected after assignment
info:
  data: []
  ptr: /1
  assign: foo
---
[]
