---
source: src/assign.rs
description: "test #0 - asserting that the TOML data is as expected after assignment"
info:
  data: {}
  ptr: /foo/-/bar
  assign: baz
---
{ foo = [{ bar = "baz" }] }
