---
source: src/assign.rs
description: "case #0: asserting that the replaced JSON data returned from the assignment is as expected"
info:
  data: {}
  ptr: /foo/-/bar
  assign: baz
---
Ok(
    None,
)
