---
source: src/assign.rs
description: "case #8: asserting that the JSON data is as expected after assignment"
info:
  data: {}
  ptr: /0
  assign: foo
---
{"0":"foo"}
