---
source: src/assign.rs
description: asserting that the JSON data is as expected after assignment
info:
  data: {}
  ptr: /-
  assign: foo
---
{"-":"foo"}
