---
source: src/assign.rs
description: "case #7: asserting that the JSON data is as expected after assignment"
info:
  data:
    foo: bar
  ptr: /foo/-
  assign: baz
---
{"foo":["baz"]}
