---
source: src/assign.rs
description: "test #7 - asserting that the TOML data is as expected after assignment"
info:
  data:
    foo: bar
  ptr: /foo/-
  assign: baz
---
{ foo = ["baz"] }
