---
source: src/assign.rs
description: "test #10 asserting that the replaced TOML data returned from the assignment is as expected"
info:
  data: []
  ptr: /0
  assign: foo
---
Ok(
    None,
)
