---
source: src/assign.rs
description: asserting that the replaced json data returned from the assignment is as expected
info:
  data:
    foo: bar
  ptr: ""
  assign: baz
---
Ok(
    Some(
        Object {
            "foo": String("bar"),
        },
    ),
)
