---
source: src/assign.rs
description: asserting that the TOML data is as expected after assignment
info:
  data: {}
  ptr: /0
  assign: foo
---
{ 0 = "foo" }
