---
source: src/assign.rs
description: asserting that the json data is as expected after assignment
info:
  data:
    foo: bar
  ptr: /foo/-
  assign: baz
---
{"foo":["baz"]}
