---
source: src/assign.rs
description: "test #1 - asserting that the TOML data is as expected after assignment"
info:
  data:
    foo:
      - bar: baz
  ptr: /foo/-/bar
  assign: qux
---
{ foo = [{ bar = "baz" }, { bar = "qux" }] }
