---
source: src/assign.rs
description: asserting that the replaced json data returned from the assignment is as expected
info:
  data: []
  ptr: /a
  assign: foo
---
Err(
    FailedToParseIndex {
        offset: 0,
        source: ParseIndexError {
            source: ParseIntError {
                kind: InvalidDigit,
            },
        },
    },
)
