---
source: src/assign.rs
description: "case #1: asserting that the JSON data is as expected after assignment"
info:
  data:
    foo: bar
  ptr: ""
  assign: baz
---
"baz"
