---
source: src/assign.rs
description: asserting that the replaced JSON data returned from the assignment is as expected
info:
  data:
    foo:
      - bar: baz
  ptr: /foo/-/bar
  assign: qux
---
Ok(
    None,
)
